
[1m[46m RUN [49m[22m [36mv4.0.13 [39m[90mC:/Users/wanes/Downloads/oficial-projeto-67-dias[39m

 [32mÔ£ô[39m tests/components/skills/RoadmapSection.test.tsx [2m([22m[2m22 tests[22m[2m)[22m[33m 5774[2mms[22m[39m
     [33m[2mÔ£ô[22m[39m renders roadmap items correctly [33m 679[2mms[22m[39m
     [33m[2mÔ£ô[22m[39m adds manual task [33m 329[2mms[22m[39m
     [33m[2mÔ£ô[22m[39m opens AI Roadmap modal [33m 523[2mms[22m[39m
     [33m[2mÔ£ô[22m[39m opens FullRoadmapEditor modal [33m 547[2mms[22m[39m
     [33m[2mÔ£ô[22m[39m opens Import/Export modal [33m 615[2mms[22m[39m
     [33m[2mÔ£ô[22m[39m shows empty state when roadmap is empty [33m 440[2mms[22m[39m
     [33m[2mÔ£ô[22m[39m opens visual editor from toggle button [33m 376[2mms[22m[39m
node.exe : [90mstderr[2m | tests
/components/skills/AIRoadmapModal.
test.tsx[2m > 
[22m[2mAIRoadmapModal 
Component[2m > [22m[2mshows 
error state when generation fails
No linha:1 caractere:1
+ & "C:\Program 
Files\nodejs/node.exe" 
"C:\Program Files\nodejs/node_mo 
...
+ ~~~~~~~~~~~~~~~~~~~~~~~~~~~~~~~~
~~~~~~~~~~~~~~~~~~~~~~~~~~~~~~~~~~
~~~
    + CategoryInfo          : Not 
   Specified: ([90mstderr[2m..  
  .eneration fails:String) [],    
 RemoteException
    + FullyQualifiedErrorId : Nat 
   iveCommandError
 
[22m[39mError: API Error
    at C:/Users/wanes/Downloads/of
icial-projeto-67-dias/tests/compon
ents/skills/AIRoadmapModal.test.ts
x:294:58
    at [90mfile:///C:/Users/wanes
/Downloads/oficial-projeto-67-dias
/[39mnode_modules/[4m@vitest/run
ner[24m/dist/index.js:145:11
    at [90mfile:///C:/Users/wanes
/Downloads/oficial-projeto-67-dias
/[39mnode_modules/[4m@vitest/run
ner[24m/dist/index.js:912:26
    at [90mfile:///C:/Users/wanes
/Downloads/oficial-projeto-67-dias
/[39mnode_modules/[4m@vitest/run
ner[24m/dist/index.js:1237:20
    at new Promise (<anonymous>)
    at runWithTimeout [90m(file:/
//C:/Users/wanes/Downloads/oficial
-projeto-67-dias/[39mnode_modules
/[4m@vitest/runner[24m/dist/inde
x.js:1203:10[90m)[39m
    at [90mfile:///C:/Users/wanes
/Downloads/oficial-projeto-67-dias
/[39mnode_modules/[4m@vitest/run
ner[24m/dist/index.js:1647:37
    at Traces.$ [90m(file:///C:/U
sers/wanes/Downloads/oficial-proje
to-67-dias/[39mnode_modules/[4mv
itest[24m/dist/chunks/traces.U4xD
YhzZ.js:115:27[90m)[39m
    at trace [90m(file:///C:/User
s/wanes/Downloads/oficial-projeto-
67-dias/[39mnode_modules/[4mvite
st[24m/dist/chunks/test.DqQZzsWf.
js:234:21[90m)[39m
    at runTest [90m(file:///C:/Us
ers/wanes/Downloads/oficial-projet
o-67-dias/[39mnode_modules/[4m@v
itest/runner[24m/dist/index.js:16
47:12[90m)[39m

[90mstderr[2m | tests/components
/skills/AIRoadmapModal.test.tsx[2
m > [22m[2mAIRoadmapModal 
Component[2m > [22m[2mshows 
error when no categories are 
identified
[22m[39mError: N├úo foi 
poss├¡vel identificar 
t├│picos/├íreas.
    at handleGenerate (C:/Users/wa
nes/Downloads/oficial-projeto-67-d
ias/components/skills/AIRoadmapMod
al.tsx:201:23)

 [32mÔ£ô[39m tests/components/skills/FullRoadmapEditor.test.tsx [2m([22m[2m15 tests[22m[2m)[22m[33m 6117[2mms[22m[39m
     [33m[2mÔ£ô[22m[39m renders correctly with existing roadmap [33m 730[2mms[22m[39m
     [33m[2mÔ£ô[22m[39m calls onClose when back button is clicked [33m 1553[2mms[22m[39m
     [33m[2mÔ£ô[22m[39m calls onSave with current items when save button is clicked [33m 422[2mms[22m[39m
     [33m[2mÔ£ô[22m[39m calls window.print when export PDF is clicked [33m 359[2mms[22m[39m
     [33m[2mÔ£ô[22m[39m adds new task when Nova Tarefa button is clicked [33m 364[2mms[22m[39m
     [33m[2mÔ£ô[22m[39m adds new section when Nova Se├º├úo button is clicked [33m 940[2mms[22m[39m
     [33m[2mÔ£ô[22m[39m toggles task completion [33m 419[2mms[22m[39m
     [33m[2mÔ£ô[22m[39m deletes item after confirmation [33m 416[2mms[22m[39m
 [32mÔ£ô[39m tests/components/skills/AIRoadmapModal.test.tsx [2m([22m[2m20 tests[22m[2m)[22m[33m 6088[2mms[22m[39m
     [33m[2mÔ£ô[22m[39m renders in "Gerar" mode by default [33m 345[2mms[22m[39m
     [33m[2mÔ£ô[22m[39m calls onClose when close button is clicked [33m 1701[2mms[22m[39m
     [33m[2mÔ£ô[22m[39m shows analyzing state when generation starts [33m 314[2mms[22m[39m
     [33m[2mÔ£ô[22m[39m successfully generates roadmap in Gerar mode [33m 804[2mms[22m[39m
     [33m[2mÔ£ô[22m[39m shows categories with task counts [33m 410[2mms[22m[39m
     [33m[2mÔ£ô[22m[39m allows applying generated items [33m 670[2mms[22m[39m
     [33m[2mÔ£ô[22m[39m shows AI analysis reasoning after validation [33m 357[2mms[22m[39m
[90mstderr[2m | tests/components
/views/WorkView.test.tsx[2m > 
[22m[2mWorkView - Met Target 
Feature[2m > [22m[2mstarts and 
pauses the timer
[22m[39mA suspended resource 
finished loading inside a test, 
but the event was not wrapped in 
act(...).

When testing, code that resolves 
suspended data should be wrapped 
into act(...):

act(() => {
  /* finish loading suspended 
data */
});
/* assert on the output */

This ensures that you're testing 
the behavior the user would see 
in the browser. Learn more at http
s://react.dev/link/wrap-tests-with
-act
A suspended resource finished 
loading inside a test, but the 
event was not wrapped in act(...).

When testing, code that resolves 
suspended data should be wrapped 
into act(...):

act(() => {
  /* finish loading suspended 
data */
});
/* assert on the output */

This ensures that you're testing 
the behavior the user would see 
in the browser. Learn more at http
s://react.dev/link/wrap-tests-with
-act
A suspended resource finished 
loading inside a test, but the 
event was not wrapped in act(...).

When testing, code that resolves 
suspended data should be wrapped 
into act(...):

act(() => {
  /* finish loading suspended 
data */
});
/* assert on the output */

This ensures that you're testing 
the behavior the user would see 
in the browser. Learn more at http
s://react.dev/link/wrap-tests-with
-act
A suspended resource finished 
loading inside a test, but the 
event was not wrapped in act(...).

When testing, code that resolves 
suspended data should be wrapped 
into act(...):

act(() => {
  /* finish loading suspended 
data */
});
/* assert on the output */

This ensures that you're testing 
the behavior the user would see 
in the browser. Learn more at http
s://react.dev/link/wrap-tests-with
-act

 [31mÔØ»[39m tests/components/views/WorkView.test.tsx [2m([22m[2m6 tests[22m[2m | [22m[31m1 failed[39m[2m)[22m[33m 6541[2mms[22m[39m
[31m     [31m├ù[31m opens the Met Target modal when button is clicked[39m[33m 5070[2mms[22m[39m
     [33m[2mÔ£ô[22m[39m starts and pauses the timer [33m 674[2mms[22m[39m
     [32mÔ£ô[39m updates weekly progress[32m 234[2mms[22m[39m
     [32mÔ£ô[39m displays Anki and NCM counters[32m 271[2mms[22m[39m
     [32mÔ£ô[39m saves a session and shows it in history[32m 148[2mms[22m[39m
     [32mÔ£ô[39m increments Anki counter when clicking up button[32m 113[2mms[22m[39m
 [32mÔ£ô[39m tests/components/skills/SkillsView.test.tsx [2m([22m[2m10 tests[22m[2m)[22m[33m 4038[2mms[22m[39m
     [33m[2mÔ£ô[22m[39m renders the Skill Tree header [33m 567[2mms[22m[39m
     [33m[2mÔ£ô[22m[39m renders initial skill from mock data [33m 364[2mms[22m[39m
     [33m[2mÔ£ô[22m[39m opens create modal when Nova Habilidade button is clicked [33m 739[2mms[22m[39m
     [33m[2mÔ£ô[22m[39m creates a new skill and adds to the list [33m 484[2mms[22m[39m
     [33m[2mÔ£ô[22m[39m navigates to skill detail view when a card is clicked [33m 540[2mms[22m[39m
     [33m[2mÔ£ô[22m[39m adds a session to a skill [33m 790[2mms[22m[39m
[90mstderr[2m | tests/components
/skills/CreateSkillModal.test.tsx
[2m > [22m[2mCreateSkillModal 
Component[2m > [22m[2mdoes not 
create skill with empty name
[22m[39mAn update to 
CreateSkillModal inside a test 
was not wrapped in act(...).

When testing, code that causes 
React state updates should be 
wrapped into act(...):

act(() => {
  /* fire events that update 
state */
});
/* assert on the output */

This ensures that you're testing 
the behavior the user would see 
in the browser. Learn more at http
s://react.dev/link/wrap-tests-with
-act

 [32mÔ£ô[39m tests/components/skills/CreateSkillModal.test.tsx [2m([22m[2m10 tests[22m[2m)[22m[33m 1779[2mms[22m[39m
     [33m[2mÔ£ô[22m[39m renders all form fields correctly [33m 538[2mms[22m[39m
 [32mÔ£ô[39m tests/components/skills/SkillCard.test.tsx [2m([22m[2m11 tests[22m[2m)[22m[33m 2919[2mms[22m[39m
     [33m[2mÔ£ô[22m[39m opens session input when +Sess├úo button is clicked [33m 1339[2mms[22m[39m
     [33m[2mÔ£ô[22m[39m confirms session with Enter key [33m 481[2mms[22m[39m
 [32mÔ£ô[39m tests/components/skills/VisualRoadmapEditor.test.tsx [2m([22m[2m4 tests[22m[2m)[22m[33m 1393[2mms[22m[39m
     [33m[2mÔ£ô[22m[39m renders editor interface correctly [33m 909[2mms[22m[39m
 [32mÔ£ô[39m tests/components/views/WorkView_DeleteSession.test.tsx [2m([22m[2m1 test[22m[2m)[22m[33m 770[2mms[22m[39m
     [33m[2mÔ£ô[22m[39m allows deleting a session from history [33m 765[2mms[22m[39m
[90mstderr[2m | tests/stores/fir
estoreSync.test.ts[2m > 
[22m[2mfirestoreSync[2m > 
[22m[2mwriteToFirestore[2m > 
[22m[2mshould not write without 
authenticated user
[22m[39m[Firestore] Cannot 
write without authenticated user

[90mstderr[2m | tests/stores/fir
estoreSync.test.ts[2m > 
[22m[2mfirestoreSync[2m > 
[22m[2msubscribeToDocument[2m 
> [22m[2mshould return noop 
unsubscribe without authenticated 
user
[22m[39m[Firestore] Cannot 
subscribe without authenticated 
user

[90mstderr[2m | tests/stores/fir
estoreSync.test.ts[2m > 
[22m[2mfirestoreSync[2m > 
[22m[2msubscribeToDocument[2m 
> [22m[2mshould call onError 
when subscription fails
[22m[39m[Firestore] 
Subscription error for 
my_document: Error: Firestore 
error
    at C:/Users/wanes/Downloads/of
icial-projeto-67-dias/tests/stores
/firestoreSync.test.ts:253:31
    at [90mfile:///C:/Users/wanes
/Downloads/oficial-projeto-67-dias
/[39mnode_modules/[4m@vitest/run
ner[24m/dist/index.js:145:11
    at [90mfile:///C:/Users/wanes
/Downloads/oficial-projeto-67-dias
/[39mnode_modules/[4m@vitest/run
ner[24m/dist/index.js:912:26
    at [90mfile:///C:/Users/wanes
/Downloads/oficial-projeto-67-dias
/[39mnode_modules/[4m@vitest/run
ner[24m/dist/index.js:1237:20
    at new Promise (<anonymous>)
    at runWithTimeout [90m(file:/
//C:/Users/wanes/Downloads/oficial
-projeto-67-dias/[39mnode_modules
/[4m@vitest/runner[24m/dist/inde
x.js:1203:10[90m)[39m
    at [90mfile:///C:/Users/wanes
/Downloads/oficial-projeto-67-dias
/[39mnode_modules/[4m@vitest/run
ner[24m/dist/index.js:1647:37
    at Traces.$ [90m(file:///C:/U
sers/wanes/Downloads/oficial-proje
to-67-dias/[39mnode_modules/[4mv
itest[24m/dist/chunks/traces.U4xD
YhzZ.js:115:27[90m)[39m
    at trace [90m(file:///C:/User
s/wanes/Downloads/oficial-projeto-
67-dias/[39mnode_modules/[4mvite
st[24m/dist/chunks/test.DqQZzsWf.
js:234:21[90m)[39m
    at runTest [90m(file:///C:/Us
ers/wanes/Downloads/oficial-projet
o-67-dias/[39mnode_modules/[4m@v
itest/runner[24m/dist/index.js:16
47:12[90m)[39m

 [32mÔ£ô[39m tests/stores/firestoreSync.test.ts [2m([22m[2m22 tests[22m[2m)[22m[32m 221[2mms[22m[39m
 [32mÔ£ô[39m tests/services/gemini.test.ts [2m([22m[2m4 tests[22m[2m)[22m[32m 23[2mms[22m[39m
 [32mÔ£ô[39m tests/services/weeklySnapshot.test.ts [2m([22m[2m11 tests[22m[2m)[22m[32m 34[2mms[22m[39m
 [32mÔ£ô[39m tests/components/ResetLogic.test.tsx [2m([22m[2m4 tests[22m[2m)[22m[32m 21[2mms[22m[39m
 [32mÔ£ô[39m tests/components/TimerWidget.test.tsx [2m([22m[2m4 tests[22m[2m)[22m[32m 246[2mms[22m[39m
 [32mÔ£ô[39m tests/components/skills/RoadmapSync.test.ts [2m([22m[2m6 tests[22m[2m)[22m[32m 20[2mms[22m[39m
 [32mÔ£ô[39m tests/reproduction.test.ts [2m([22m[2m1 test[22m[2m)[22m[32m 7[2mms[22m[39m
 [32mÔ£ô[39m tests/protection.test.ts [2m([22m[2m2 tests[22m[2m)[22m[32m 7[2mms[22m[39m

[31mÔÄ»ÔÄ»ÔÄ»ÔÄ»ÔÄ»ÔÄ»[39m[1m[
41m Failed Suites 6 [49m[22m[31
mÔÄ»ÔÄ»ÔÄ»ÔÄ»ÔÄ»ÔÄ»ÔÄ»[39m

[41m[1m FAIL [22m[49m 
tests/App.test.tsx[2m [ 
tests/App.test.tsx ][22m
[31m[1mError[22m: [vitest] No 
"initializeFirestore" export is 
defined on the 
"firebase/firestore" mock. Did 
you forget to return it from 
"vi.mock"?
If you need to partially mock a 
module, you can use 
"importOriginal" helper inside:
[39m
vi.mock(import("firebase/firestore
"), async (importOriginal) => {
  const actual = await 
importOriginal()
  return {
    ...actual,
    // your mocked methods
  }
})

[36m [2mÔØ»[22m services/fireba
se.ts:[2m65:19[22m[39m
    [90m 63| [39m
    [90m 64| [39m// FIRESTORE: 
Configura├º├úo de cache 
persistente (substitui 
enableMultiÔÇª
    [90m 65| 
[39m[35mexport[39m 
[35mconst[39m db [33m=[39m [3
4minitializeFirestore[39m(app[33
m,[39m {
    [90m   | [39m               
   [31m^[39m
    [90m 66| [39m    
localCache[33m:[39m 
[34mpersistentLocalCache[39m({
    [90m 67| [39m        
tabManager[33m:[39m [34mpersist
entMultipleTabManager[39m()
[90m [2mÔØ»[22m utils/dataMigra
tion.ts:[2m7:1[22m[39m

[31m[2mÔÄ»ÔÄ»ÔÄ»ÔÄ»ÔÄ»ÔÄ»ÔÄ»ÔÄ»Ô
Ä»ÔÄ»ÔÄ»ÔÄ»ÔÄ»ÔÄ»ÔÄ»ÔÄ»ÔÄ»ÔÄ»ÔÄ»ÔÄ
»ÔÄ»ÔÄ»ÔÄ»ÔÄ»[1/7]ÔÄ»[22m[39m

[41m[1m FAIL [22m[49m tests/se
rvices/firebase.test.ts[2m [ 
tests/services/firebase.test.ts 
][22m
[31m[1mError[22m: [vitest] No 
"initializeFirestore" export is 
defined on the 
"firebase/firestore" mock. Did 
you forget to return it from 
"vi.mock"?
If you need to partially mock a 
module, you can use 
"importOriginal" helper inside:
[39m
vi.mock(import("firebase/firestore
"), async (importOriginal) => {
  const actual = await 
importOriginal()
  return {
    ...actual,
    // your mocked methods
  }
})

[36m [2mÔØ»[22m services/fireba
se.ts:[2m65:19[22m[39m
    [90m 63| [39m
    [90m 64| [39m// FIRESTORE: 
Configura├º├úo de cache 
persistente (substitui 
enableMultiÔÇª
    [90m 65| 
[39m[35mexport[39m 
[35mconst[39m db [33m=[39m [3
4minitializeFirestore[39m(app[33
m,[39m {
    [90m   | [39m               
   [31m^[39m
    [90m 66| [39m    
localCache[33m:[39m 
[34mpersistentLocalCache[39m({
    [90m 67| [39m        
tabManager[33m:[39m [34mpersist
entMultipleTabManager[39m()
[90m [2mÔØ»[22m tests/services/
firebase.test.ts:[2m5:1[22m[39m

[31m[2mÔÄ»ÔÄ»ÔÄ»ÔÄ»ÔÄ»ÔÄ»ÔÄ»ÔÄ»Ô
Ä»ÔÄ»ÔÄ»ÔÄ»ÔÄ»ÔÄ»ÔÄ»ÔÄ»ÔÄ»ÔÄ»ÔÄ»ÔÄ
»ÔÄ»ÔÄ»ÔÄ»ÔÄ»[2/7]ÔÄ»[22m[39m

[41m[1m FAIL [22m[49m tests/ut
ils/dailyOffensive.test.ts[2m [ t
ests/utils/dailyOffensive.test.ts 
][22m
[41m[1m FAIL [22m[49m tests/co
mponents/views/RestView.test.tsx[
2m [ tests/components/views/RestVi
ew.test.tsx ][22m
[41m[1m FAIL [22m[49m tests/co
mponents/views/RestViewEdit.test.t
sx[2m [ tests/components/views/Re
stViewEdit.test.tsx ][22m
[41m[1m FAIL [22m[49m tests/co
mponents/skills/SkillDetailView.te
st.tsx[2m [ tests/components/skil
ls/SkillDetailView.test.tsx ][22m
[31m[1mError[22m: [vitest] No 
"initializeFirestore" export is 
defined on the 
"firebase/firestore" mock. Did 
you forget to return it from 
"vi.mock"?
If you need to partially mock a 
module, you can use 
"importOriginal" helper inside:
[39m
vi.mock(import("firebase/firestore
"), async (importOriginal) => {
  const actual = await 
importOriginal()
  return {
    ...actual,
    // your mocked methods
  }
})

[36m [2mÔØ»[22m services/fireba
se.ts:[2m65:19[22m[39m
    [90m 63| [39m
    [90m 64| [39m// FIRESTORE: 
Configura├º├úo de cache 
persistente (substitui 
enableMultiÔÇª
    [90m 65| 
[39m[35mexport[39m 
[35mconst[39m db [33m=[39m [3
4minitializeFirestore[39m(app[33
m,[39m {
    [90m   | [39m               
   [31m^[39m
    [90m 66| [39m    
localCache[33m:[39m 
[34mpersistentLocalCache[39m({
    [90m 67| [39m        
tabManager[33m:[39m [34mpersist
entMultipleTabManager[39m()
[90m [2mÔØ»[22m stores/firestor
eSync.ts:[2m10:1[22m[39m

[31m[2mÔÄ»ÔÄ»ÔÄ»ÔÄ»ÔÄ»ÔÄ»ÔÄ»ÔÄ»Ô
Ä»ÔÄ»ÔÄ»ÔÄ»ÔÄ»ÔÄ»ÔÄ»ÔÄ»ÔÄ»ÔÄ»ÔÄ»ÔÄ
»ÔÄ»ÔÄ»ÔÄ»ÔÄ»[3/7]ÔÄ»[22m[39m


[31mÔÄ»ÔÄ»ÔÄ»ÔÄ»ÔÄ»ÔÄ»ÔÄ»[39m[1
m[41m Failed Tests 1 [49m[22m[
31mÔÄ»ÔÄ»ÔÄ»ÔÄ»ÔÄ»ÔÄ»ÔÄ»[39m

[41m[1m FAIL [22m[49m tests/co
mponents/views/WorkView.test.tsx[
2m > [22mWorkView - Met Target 
Feature[2m > [22mopens the Met 
Target modal when button is 
clicked
[31m[1mError[22m: Test timed 
out in 5000ms.
If this is a long-running test, 
pass a timeout value as the last 
argument or configure it globally 
with "testTimeout".[39m
[36m [2mÔØ»[22m tests/component
s/views/WorkView.test.tsx:[2m96:5
[22m[39m
    [90m 94| [39m    
})[33m;[39m
    [90m 95| [39m
    [90m 96| [39m    it('opens 
the Met Target modal when button 
is clicked', async () =ÔÇª
    [90m   | [39m    [31m^[39m
    [90m 97| [39m        [34mre
nder[39m([33m<[39m[33mWorkView
[39m 
[33m/[39m[33m>[39m)[33m;[39m
    [90m 98| [39m

[31m[2mÔÄ»ÔÄ»ÔÄ»ÔÄ»ÔÄ»ÔÄ»ÔÄ»ÔÄ»Ô
Ä»ÔÄ»ÔÄ»ÔÄ»ÔÄ»ÔÄ»ÔÄ»ÔÄ»ÔÄ»ÔÄ»ÔÄ»ÔÄ
»ÔÄ»ÔÄ»ÔÄ»ÔÄ»[4/7]ÔÄ»[22m[39m


[2m Test Files [22m [1m[31m7 failed[39m[22m[2m | [22m[1m[32m16 passed[39m[22m[90m (23)[39m
[2m      Tests [22m [1m[31m1 failed[39m[22m[2m | [22m[1m[32m152 passed[39m[22m[90m (153)[39m
[2m   Start at [22m 18:23:09
[2m   Duration [22m 31.97s[2m (transform 26.17s, setup 22.78s, collect 37.18s, tests 36.00s, environment 172.95s, prepare 3.65s)[22m

