
[1m[46m RUN [49m[22m [36mv4.0.16 [39m[90mC:/Users/wanes/Downloads/oficial-projeto-67-dias[39m

node.exe : 
[90mstderr[2m | tes
ts/stores/firestoreSy
nc.test.ts[2m > [22
m[2mfirestoreSync[2
m > [22m[2mwriteToF
irestore[2m > 
[22m[2mshould not 
write without 
authenticated user
No linha:1 
caractere:1
+ & "C:\Program Files
\nodejs/node.exe" 
"C:\Program 
Files\nodejs/node_mo 
...
+ ~~~~~~~~~~~~~~~~~~~
~~~~~~~~~~~~~~~~~~~~~
~~~~~~~~~~~~~~~~~~~~~
~~~~~~~~
    + CategoryInfo   
           : NotSpe  
  cified: ([90mst   
 derr[2m...henti    
cated user:Strin    
g) [], RemoteExc    
eption
    + FullyQualified 
   ErrorId : Native  
  CommandError
 
[22m[39m[Firestore]
 Cannot write 
without 
authenticated user

 [31mÔØ»[39m tests/stores/firestoreSync.test.ts [2m([22m[2m29 tests[22m[2m | [22m[31m1 failed[39m[2m)[22m[32m 29[2mms[22m[39m
       [32mÔ£ô[39m should return null when no user is authenticated[32m 4[2mms[22m[39m
       [32mÔ£ô[39m should return UID from Firebase auth when user is authenticated[32m 0[2mms[22m[39m
       [32mÔ£ô[39m should fallback to localStorage when auth.currentUser is null[32m 0[2mms[22m[39m
       [32mÔ£ô[39m should prefer live auth over cached localStorage[32m 0[2mms[22m[39m
       [32mÔ£ô[39m should not write without authenticated user[32m 1[2mms[22m[39m
       [32mÔ£ô[39m should debounce writes and call setDoc after delay[32m 3[2mms[22m[39m
       [32mÔ£ô[39m should cancel previous write when new write arrives within debounce[32m 1[2mms[22m[39m
       [32mÔ£ô[39m should remove undefined values from data before writing[32m 1[2mms[22m[39m
       [32mÔ£ô[39m should handle concurrent writes to different collections[32m 0[2mms[22m[39m
       [32mÔ£ô[39m should decrement pendingWriteCount even when setDoc fails[32m 1[2mms[22m[39m
[31m       [31m├ù[31m should handle circular objects gracefully[39m[32m 8[2mms[22m[39m
       [32mÔ£ô[39m should return noop unsubscribe without authenticated user[32m 0[2mms[22m[39m
       [32mÔ£ô[39m should call onSnapshot with correct document reference[32m 0[2mms[22m[39m
       [32mÔ£ô[39m should call onData with document value when exists[32m 1[2mms[22m[39m
       [32mÔ£ô[39m should call onData with null when document does not exist[32m 0[2mms[22m[39m
       [32mÔ£ô[39m should call onError when subscription fails[32m 0[2mms[22m[39m
       [32mÔ£ô[39m should return unsubscribe function[32m 0[2mms[22m[39m
       [32mÔ£ô[39m should execute all pending writes immediately[32m 0[2mms[22m[39m
       [32mÔ£ô[39m should not duplicate writes after flush[32m 0[2mms[22m[39m
       [32mÔ£ô[39m getPendingWriteCount should return 0 initially[32m 0[2mms[22m[39m
       [32mÔ£ô[39m isFullySynced should return true when no pending writes[32m 0[2mms[22m[39m
       [32mÔ£ô[39m isFullySynced should return false during debounce[32m 0[2mms[22m[39m
       [32mÔ£ô[39m subscribeToPendingWrites should notify listeners on changes[32m 0[2mms[22m[39m
       [32mÔ£ô[39m subscribeToPendingWrites should stop notifying after unsubscribe[32m 0[2mms[22m[39m
       [32mÔ£ô[39m pendingWriteCount should increment immediately when write is scheduled[32m 0[2mms[22m[39m
       [32mÔ£ô[39m pendingWriteCount should NOT double-increment for replaced writes[32m 0[2mms[22m[39m
       [32mÔ£ô[39m pendingWriteCount should track multiple different collections separately[32m 0[2mms[22m[39m
       [32mÔ£ô[39m isFullySynced should return true after all writes complete[32m 0[2mms[22m[39m
       [32mÔ£ô[39m listener should be notified immediately on write schedule[32m 0[2mms[22m[39m

[31mÔÄ»ÔÄ»ÔÄ»ÔÄ»ÔÄ»Ô
Ä»ÔÄ»[39m[1m[41m 
Failed Tests 1 [49m
[22m[31mÔÄ»ÔÄ»ÔÄ»ÔÄ»
ÔÄ»ÔÄ»ÔÄ»[39m

[41m[1m FAIL 
[22m[49m tests/stor
es/firestoreSync.test
.ts[2m > [22mfirest
oreSync[2m > [22mwr
iteToFirestore[2m > 
[22mshould handle 
circular objects 
gracefully
[31m[1mAssertionErr
or[22m: expected 
"vi.fn()" to be 
called with 
arguments: [ 
Anything, ObjectConta
ining{ÔÇª} ][90m

Number of calls: 
[1m0[22m
[31m[39m
[36m [2mÔØ»[22m te
sts/stores/firestoreS
ync.test.ts:[2m209:2
8[22m[39m
    [90m207| [39m
    [90m208| [39m  
          // Should 
call setDoc with the 
original object 
(fallback) ÔÇª
    [90m209| [39m  
          [34mexpect
[39m(setDoc)[33m.[
39m[34mtoHaveBeenCal
ledWith[39m(
    [90m   | [39m  
                     
    [31m^[39m
    [90m210| [39m  
              expect
[33m.[39m[34manythi
ng[39m()[33m,[39m
    [90m211| [39m  
              expect
[33m.[39m[34mobject
Containing[39m({

[31m[2mÔÄ»ÔÄ»ÔÄ»ÔÄ»
ÔÄ»ÔÄ»ÔÄ»ÔÄ»ÔÄ»ÔÄ»ÔÄ»
ÔÄ»ÔÄ»ÔÄ»ÔÄ»ÔÄ»ÔÄ»ÔÄ»
ÔÄ»ÔÄ»ÔÄ»ÔÄ»ÔÄ»ÔÄ»[1/
1]ÔÄ»[22m[39m

[31mÔÄ»ÔÄ»ÔÄ»ÔÄ»ÔÄ»Ô
Ä»[39m[1m[41m 
Unhandled Errors [49
m[22m[31mÔÄ»ÔÄ»ÔÄ»Ô
Ä»ÔÄ»ÔÄ»[39m
[31m[1m
Vitest caught 1 
unhandled error 
during the test run.
This might cause 
false positive 
tests. Resolve 
unhandled errors to 
make sure your tests 
are not 
affected.[22m[39m

[31mÔÄ»ÔÄ»ÔÄ»ÔÄ»[39
m[1m[41m Unhandled 
Rejection [49m[22m
[31mÔÄ»ÔÄ»ÔÄ»ÔÄ»ÔÄ»[
39m
[31m[1mTypeError[2
2m: Converting 
circular structure 
to JSON
    --> starting at 
object with 
constructor 'Object'
    --- property 
'self' closes the 
circle[39m
[36m [2mÔØ»[22m 
performWrite stores/f
irestoreSync.ts:[2m1
11:27[22m[39m
    [90m109| [39m
    [90m110| [39m  
  [90m// Dirty 
check: skip write if 
data hasn't changed 
since last write[39m
    [90m111| [39m  
  [35mconst[39m 
dataHash [33m=[39m 
[33mJSON[39m[33m.
[39m[34mstringify[3
9m(payload[33m.[39m
data)[33m;[39m
    [90m   | [39m  
                     
   [31m^[39m
    [90m112| [39m  
  [35mconst[39m 
lastHash [33m=[39m 
lastWrittenData[33m.
[39m[35mget[39m(pa
yload[33m.[39mcolle
ctionKey)[33m;[39m
    [90m113| [39m  
  [35mif[39m 
(lastHash 
[33m===[39m 
dataHash) {
[90m [2mÔØ»[22m st
ores/firestoreSync.ts
:[2m195:14[22m[39m
[90m [2mÔØ»[22m 
callTimer node_module
s/vitest/dist/chunks/
vi.2VT5v0um.js:[2m21
11:25[22m[39m
[90m [2mÔØ»[22m 
Object.next node_modu
les/vitest/dist/chunk
s/vi.2VT5v0um.js:[2m
2834:18[22m[39m
[90m [2mÔØ»[22m Im
mediate.<anonymous> n
ode_modules/vitest/di
st/chunks/vi.2VT5v0um
.js:[2m2934:44[22m
[39m
[90m [2mÔØ»[22m 
processImmediate node
:internal/timers:[2m
504:21[22m[39m

[31mThis error 
originated in "[1mte
sts/stores/firestoreS
ync.test.ts[22m" 
test file. It 
doesn't mean the 
error was thrown 
inside the file 
itself, but while it 
was running.[39m
[31mThe latest test 
that might've caused 
the error is 
"[1mshould handle 
circular objects 
gracefully[22m". It 
might mean one of 
the following:
- The error was 
thrown, while Vitest 
was running this 
test.
- If the error 
occurred after the 
test had been 
completed, this was 
the last documented 
test before it was 
thrown.[39m
[31mÔÄ»ÔÄ»ÔÄ»ÔÄ»ÔÄ»Ô
Ä»ÔÄ»ÔÄ»ÔÄ»ÔÄ»ÔÄ»ÔÄ»Ô
Ä»ÔÄ»ÔÄ»ÔÄ»ÔÄ»ÔÄ»ÔÄ»Ô
Ä»ÔÄ»ÔÄ»ÔÄ»ÔÄ»ÔÄ»ÔÄ»Ô
Ä»ÔÄ»ÔÄ»ÔÄ»[39m


[2m Test Files [22m [1m[31m1 failed[39m[22m[90m (1)[39m
[2m      Tests [22m [1m[31m1 failed[39m[22m[2m | [22m[1m[32m28 passed[39m[22m[90m (29)[39m
[2m     Errors [22m [1m[31m1 error[39m[22m
[2m   Start at [22m 20:16:45
[2m   Duration [22m 1.70s[2m (transform 143ms, setup 229ms, import 155ms, tests 29ms, environment 1.04s)[22m

