components/reading/DashboardView.tsx(31,15): error TS2741: Property 'ABANDONED' is missing in type '{ READING: undefined[]; TO_READ: undefined[]; PAUSED: undefined[]; COMPLETED: undefined[]; }' but required in type 'Record<"READING" | "TO_READ" | "COMPLETED" | "PAUSED" | "ABANDONED", Book[]>'.
components/skills/RoadmapSection.tsx(14,46): error TS2322: Type 'Promise<typeof import("C:/Users/wanes/Downloads/oficial-projeto-67-dias/components/skills/VisualRoadmapEditor")>' is not assignable to type 'Promise<{ default: ComponentType<any>; }>'.
  Property 'default' is missing in type 'typeof import("C:/Users/wanes/Downloads/oficial-projeto-67-dias/components/skills/VisualRoadmapEditor")' but required in type '{ default: ComponentType<any>; }'.
components/views/LinksView.tsx(18,66): error TS2561: Object literal may only specify known properties, but 'category' does not exist in type 'LinkItem'. Did you mean to write 'categoryId'?
components/views/LinksView.tsx(19,65): error TS2561: Object literal may only specify known properties, but 'category' does not exist in type 'LinkItem'. Did you mean to write 'categoryId'?
components/views/LinksView.tsx(20,59): error TS2561: Object literal may only specify known properties, but 'category' does not exist in type 'LinkItem'. Did you mean to write 'categoryId'?
components/views/LinksView.tsx(21,61): error TS2561: Object literal may only specify known properties, but 'category' does not exist in type 'LinkItem'. Did you mean to write 'categoryId'?
components/views/LinksView.tsx(22,65): error TS2561: Object literal may only specify known properties, but 'category' does not exist in type 'LinkItem'. Did you mean to write 'categoryId'?
components/views/work/hooks/useStudyScheduler.ts(2,70): error TS2307: Cannot find module '../../../stores' or its corresponding type declarations.
components/views/work/met-target/StudyScheduler.tsx(3,70): error TS2307: Cannot find module '../../../stores' or its corresponding type declarations.
stores/workStore.ts(49,7): error TS2322: Type '(set: { (partial: WorkState | Partial<WorkState> | ((state: WorkState) => WorkState | Partial<WorkState>), replace?: false): void; (state: WorkState | ((state: WorkState) => WorkState), replace: true): void; }, get: () => WorkState, store: StoreApi<...>) => { ...; }' is not assignable to type 'StateCreator<WorkState>'.
  Type '(set: { (partial: WorkState | Partial<WorkState> | ((state: WorkState) => WorkState | Partial<WorkState>), replace?: false): void; (state: WorkState | ((state: WorkState) => WorkState), replace: true): void; }, get: () => WorkState, store: StoreApi<...>) => { ...; }' is not assignable to type '(setState: { (partial: WorkState | Partial<WorkState> | ((state: WorkState) => WorkState | Partial<WorkState>), replace?: false): void; (state: WorkState | ((state: WorkState) => WorkState), replace: true): void; }, getState: () => WorkState, store: StoreApi<...>) => WorkState'.
    Type '{ history: MetTargetSession[]; addSession: (session: MetTargetSession) => void; updateSession: any; deleteSession: (id: string) => void; goals: WorkGoals; ... 27 more ...; _reset: () => void; }' is not assignable to type 'WorkState'.
      Property 'clearHistory' is missing in type '{ history: MetTargetSession[]; addSession: (session: MetTargetSession) => void; updateSession: any; deleteSession: (id: string) => void; goals: WorkGoals; ... 27 more ...; _reset: () => void; }' but required in type 'SessionsSlice'.
stores/workStore.ts(68,47): error TS2339: Property 'updateSession' does not exist on type 'SessionsSlice'.
stores/workStore.ts(74,41): error TS2339: Property 'updateGoal' does not exist on type 'GoalsSlice'.
stores/workStore.ts(75,41): error TS2551: Property 'resetGoals' does not exist on type 'GoalsSlice'. Did you mean 'setGoals'?
stores/workStore.ts(80,50): error TS2551: Property 'addStudySubject' does not exist on type 'SchedulerSlice'. Did you mean 'studySubjects'?
stores/workStore.ts(81,53): error TS2551: Property 'updateStudySubject' does not exist on type 'SchedulerSlice'. Did you mean 'updateSubject'?
stores/workStore.ts(82,53): error TS2551: Property 'deleteStudySubject' does not exist on type 'SchedulerSlice'. Did you mean 'deleteSubject'?
stores/workStore.ts(83,51): error TS2551: Property 'setStudySchedule' does not exist on type 'SchedulerSlice'. Did you mean 'studySchedules'?
stores/workStore.ts(84,53): error TS2551: Property 'clearStudySchedule' does not exist on type 'SchedulerSlice'. Did you mean 'studySchedules'?
stores/workStore.ts(98,47): error TS2339: Property 'setTimeConfig' does not exist on type 'TrackingSlice'.
stores/workStore.ts(155,17): error TS2740: Type '{}' is missing the following properties from type 'DailyStudySchedule[]': length, pop, push, concat, and 29 more.
stores/workStore.ts(161,17): error TS2322: Type 'number' is not assignable to type 'string'.
stores/workStore.ts(162,17): error TS2322: Type '"NORMAL"' is not assignable to type 'PaceMode'.
tests/components/notes/NoteCard.test.tsx(100,48): error TS2322: Type '{ id: string; label: string; color: string; }[]' is not assignable to type 'Tag[]'.
  Property 'createdAt' is missing in type '{ id: string; label: string; color: string; }' but required in type 'Tag'.
tests/components/notes/NoteEditor.test.tsx(31,9): error TS2741: Property 'createdAt' is missing in type '{ id: string; label: string; color: string; }' but required in type 'Tag'.
tests/components/notes/NoteEditor.test.tsx(32,9): error TS2741: Property 'createdAt' is missing in type '{ id: string; label: string; color: string; }' but required in type 'Tag'.
tests/components/notes/NoteEditor.test.tsx(48,18): error TS2322: Type '{ onSave: Mock<Procedure>; onClose: Mock<Procedure>; onCreateTag: Mock<(label: string) => { id: string; label: string; color: string; }>; note: Note; availableTags: Tag[]; }' is not assignable to type 'NoteEditorProps'.
  The types returned by 'onCreateTag(...)' are incompatible between these types.
    Property 'createdAt' is missing in type '{ id: string; label: string; color: string; }' but required in type 'Tag'.
tests/components/notes/NoteEditor.test.tsx(65,18): error TS2322: Type '{ onSave: Mock<Procedure>; onClose: Mock<Procedure>; onCreateTag: Mock<(label: string) => { id: string; label: string; color: string; }>; note: Note; availableTags: Tag[]; }' is not assignable to type 'NoteEditorProps'.
  The types returned by 'onCreateTag(...)' are incompatible between these types.
    Property 'createdAt' is missing in type '{ id: string; label: string; color: string; }' but required in type 'Tag'.
tests/components/notes/NoteEditor.test.tsx(78,18): error TS2322: Type '{ onSave: Mock<Procedure>; onClose: Mock<Procedure>; onCreateTag: Mock<(label: string) => { id: string; label: string; color: string; }>; note: Note; availableTags: Tag[]; }' is not assignable to type 'NoteEditorProps'.
  The types returned by 'onCreateTag(...)' are incompatible between these types.
    Property 'createdAt' is missing in type '{ id: string; label: string; color: string; }' but required in type 'Tag'.
tests/components/notes/NoteEditor.test.tsx(101,18): error TS2322: Type '{ onSave: Mock<Procedure>; onClose: Mock<Procedure>; onCreateTag: Mock<(label: string) => { id: string; label: string; color: string; }>; note: null; availableTags: Tag[]; }' is not assignable to type 'NoteEditorProps'.
  The types returned by 'onCreateTag(...)' are incompatible between these types.
    Property 'createdAt' is missing in type '{ id: string; label: string; color: string; }' but required in type 'Tag'.
tests/components/notes/NoteEditor.test.tsx(118,18): error TS2322: Type '{ onSave: Mock<Procedure>; onClose: Mock<Procedure>; onCreateTag: Mock<(label: string) => { id: string; label: string; color: string; }>; note: null; availableTags: Tag[]; }' is not assignable to type 'NoteEditorProps'.
  The types returned by 'onCreateTag(...)' are incompatible between these types.
    Property 'createdAt' is missing in type '{ id: string; label: string; color: string; }' but required in type 'Tag'.
tests/components/notes/NoteEditor.test.tsx(133,18): error TS2322: Type '{ onSave: Mock<Procedure>; onClose: Mock<Procedure>; onCreateTag: Mock<(label: string) => { id: string; label: string; color: string; }>; note: null; availableTags: Tag[]; }' is not assignable to type 'NoteEditorProps'.
  The types returned by 'onCreateTag(...)' are incompatible between these types.
    Property 'createdAt' is missing in type '{ id: string; label: string; color: string; }' but required in type 'Tag'.
